// Jest Snapshot v1, https://goo.gl/fbAQLP

exports[`should render SearchHeader correctly 1`] = `
<div
  className="searchHeader"
>
  <Form
    bsClass="form"
    componentClass="form"
    horizontal={false}
    inline={false}
    onSubmit={[Function]}
  >
    <ControlLabel
      bsClass="control-label"
      srOnly={false}
    >
      FIND YOUR MOVIE
    </ControlLabel>
    <FormControl
      bsClass="form-control"
      componentClass="input"
      name="title"
      onChange={[Function]}
      placeholder="Quentin Tarantino"
      type="text"
    />
    <div
      className="searchByButtons"
    >
      <ControlLabel
        bsClass="control-label"
        srOnly={false}
      >
        SEARCH BY
      </ControlLabel>
      <Button
        active={false}
        block={false}
        bsClass="btn"
        bsStyle="default"
        disabled={false}
        onClick={[Function]}
      >
        MOVIE
      </Button>
      <Button
        active={false}
        block={false}
        bsClass="btn"
        bsStyle="primary"
        disabled={false}
        onClick={[Function]}
      >
        DIRECTOR
      </Button>
      <Button
        active={false}
        block={false}
        bsClass="btn"
        bsStyle="default"
        className="searchButton"
        disabled={false}
        type="submit"
      >
        SEARCH
      </Button>
    </div>
  </Form>
</div>
`;
