// Jest Snapshot v1, https://goo.gl/fbAQLP

exports[`should render MovieItem correctly 1`] = `""`;

exports[`should render MovieItem with movie 1`] = `
<div
  className="movieItem"
>
  <div
    className="backToSearchButton"
  >
    <Link
      replace={false}
      to="/"
    >
      <Button
        active={false}
        block={false}
        bsClass="btn"
        bsStyle="default"
        disabled={false}
      >
        SEARCH
      </Button>
    </Link>
  </div>
  <div
    className="details"
  >
    <img
      alt="Between the Sheets: A Look Inside 'Basic Instinct 2'"
      className="img"
      src="https://image.tmdb.org/t/p/w500null"
    />
    <div
      className="text"
    >
      <div>
        <h3
          className="title"
        >
          Between the Sheets: A Look Inside 'Basic Instinct 2'
        </h3>
        <div>
          0
        </div>
      </div>
      <div>
        <div />
      </div>
      <div
        className="summary"
      >
        A Look Inside 'Basic Instinct 2'
      </div>
    </div>
  </div>
</div>
`;
